Archive member included to satisfy reference by file (symbol)

c:/st/stm32cubeide_1.4.0/stm32cubeide/plugins/com.st.stm32cube.ide.mcu.externaltools.gnu-tools-for-stm32.7-2018-q2-update.win32_1.5.0.202011040924/tools/bin/../lib/gcc/arm-none-eabi/7.3.1/../../../../arm-none-eabi/lib/thumb/v7-m\libc_nano.a(lib_a-errno.o)
                              Core/Src/syscalls.o (__errno)
c:/st/stm32cubeide_1.4.0/stm32cubeide/plugins/com.st.stm32cube.ide.mcu.externaltools.gnu-tools-for-stm32.7-2018-q2-update.win32_1.5.0.202011040924/tools/bin/../lib/gcc/arm-none-eabi/7.3.1/../../../../arm-none-eabi/lib/thumb/v7-m\libc_nano.a(lib_a-exit.o)
                              c:/st/stm32cubeide_1.4.0/stm32cubeide/plugins/com.st.stm32cube.ide.mcu.externaltools.gnu-tools-for-stm32.7-2018-q2-update.win32_1.5.0.202011040924/tools/bin/../lib/gcc/arm-none-eabi/7.3.1/../../../../arm-none-eabi/lib/thumb/v7-m/crt0.o (exit)
c:/st/stm32cubeide_1.4.0/stm32cubeide/plugins/com.st.stm32cube.ide.mcu.externaltools.gnu-tools-for-stm32.7-2018-q2-update.win32_1.5.0.202011040924/tools/bin/../lib/gcc/arm-none-eabi/7.3.1/../../../../arm-none-eabi/lib/thumb/v7-m\libc_nano.a(lib_a-impure.o)
                              c:/st/stm32cubeide_1.4.0/stm32cubeide/plugins/com.st.stm32cube.ide.mcu.externaltools.gnu-tools-for-stm32.7-2018-q2-update.win32_1.5.0.202011040924/tools/bin/../lib/gcc/arm-none-eabi/7.3.1/../../../../arm-none-eabi/lib/thumb/v7-m\libc_nano.a(lib_a-exit.o) (_global_impure_ptr)
c:/st/stm32cubeide_1.4.0/stm32cubeide/plugins/com.st.stm32cube.ide.mcu.externaltools.gnu-tools-for-stm32.7-2018-q2-update.win32_1.5.0.202011040924/tools/bin/../lib/gcc/arm-none-eabi/7.3.1/../../../../arm-none-eabi/lib/thumb/v7-m\libc_nano.a(lib_a-init.o)
                              c:/st/stm32cubeide_1.4.0/stm32cubeide/plugins/com.st.stm32cube.ide.mcu.externaltools.gnu-tools-for-stm32.7-2018-q2-update.win32_1.5.0.202011040924/tools/bin/../lib/gcc/arm-none-eabi/7.3.1/../../../../arm-none-eabi/lib/thumb/v7-m/crt0.o (__libc_init_array)
c:/st/stm32cubeide_1.4.0/stm32cubeide/plugins/com.st.stm32cube.ide.mcu.externaltools.gnu-tools-for-stm32.7-2018-q2-update.win32_1.5.0.202011040924/tools/bin/../lib/gcc/arm-none-eabi/7.3.1/../../../../arm-none-eabi/lib/thumb/v7-m\libc_nano.a(lib_a-memset.o)
                              c:/st/stm32cubeide_1.4.0/stm32cubeide/plugins/com.st.stm32cube.ide.mcu.externaltools.gnu-tools-for-stm32.7-2018-q2-update.win32_1.5.0.202011040924/tools/bin/../lib/gcc/arm-none-eabi/7.3.1/../../../../arm-none-eabi/lib/thumb/v7-m/crt0.o (memset)

Allocating common symbols
Common symbol       size              file

USERPath            0x4               FATFS/App/fatfs.o
pres                0x1               Core/Src/main.o
n                   0x1               Core/Src/main.o
fs                  0x1030            Core/Src/main.o
uwTick              0x4               Drivers/STM32F1xx_HAL_Driver/Src/stm32f1xx_hal.o
pFlash              0x20              Drivers/STM32F1xx_HAL_Driver/Src/stm32f1xx_hal_flash.o
bytesread           0x4               Core/Src/main.o
htim3               0x48              Core/Src/main.o
file                0x102c            Core/Src/main.o
buffer              0x400             Core/Src/main.o
retUSER             0x1               FATFS/App/fatfs.o
Timer2              0x2               Core/Src/stm32f1xx_it.o
hspi1               0x58              Core/Src/main.o
res                 0x1               Core/Src/main.o
fres                0x1               Core/Src/main.o
Timer1              0x2               Core/Src/stm32f1xx_it.o
USERFile            0x102c            FATFS/App/fatfs.o
USERFatFS           0x1030            FATFS/App/fatfs.o

Discarded input sections

 .text          0x0000000000000000        0x0 c:/st/stm32cubeide_1.4.0/stm32cubeide/plugins/com.st.stm32cube.ide.mcu.externaltools.gnu-tools-for-stm32.7-2018-q2-update.win32_1.5.0.202011040924/tools/bin/../lib/gcc/arm-none-eabi/7.3.1/thumb/v7-m/crti.o
 .data          0x0000000000000000        0x0 c:/st/stm32cubeide_1.4.0/stm32cubeide/plugins/com.st.stm32cube.ide.mcu.externaltools.gnu-tools-for-stm32.7-2018-q2-update.win32_1.5.0.202011040924/tools/bin/../lib/gcc/arm-none-eabi/7.3.1/thumb/v7-m/crti.o
 .bss           0x0000000000000000        0x0 c:/st/stm32cubeide_1.4.0/stm32cubeide/plugins/com.st.stm32cube.ide.mcu.externaltools.gnu-tools-for-stm32.7-2018-q2-update.win32_1.5.0.202011040924/tools/bin/../lib/gcc/arm-none-eabi/7.3.1/thumb/v7-m/crti.o
 .data          0x0000000000000000        0x4 c:/st/stm32cubeide_1.4.0/stm32cubeide/plugins/com.st.stm32cube.ide.mcu.externaltools.gnu-tools-for-stm32.7-2018-q2-update.win32_1.5.0.202011040924/tools/bin/../lib/gcc/arm-none-eabi/7.3.1/thumb/v7-m/crtbegin.o
[...]
Memory Configuration

Name             Origin             Length             Attributes
RAM              0x0000000020000000 0x0000000000005000 xrw
FLASH            0x0000000008000000 0x0000000000010000 xr
*default*        0x0000000000000000 0xffffffffffffffff

Linker script and memory map

LOAD c:/st/stm32cubeide_1.4.0/stm32cubeide/plugins/com.st.stm32cube.ide.mcu.externaltools.gnu-tools-for-stm32.7-2018-q2-update.win32_1.5.0.202011040924/tools/bin/../lib/gcc/arm-none-eabi/7.3.1/thumb/v7-m/crti.o
LOAD c:/st/stm32cubeide_1.4.0/stm32cubeide/plugins/com.st.stm32cube.ide.mcu.externaltools.gnu-tools-for-stm32.7-2018-q2-update.win32_1.5.0.202011040924/tools/bin/../lib/gcc/arm-none-eabi/7.3.1/thumb/v7-m/crtbegin.o
LOAD c:/st/stm32cubeide_1.4.0/stm32cubeide/plugins/com.st.stm32cube.ide.mcu.externaltools.gnu-tools-for-stm32.7-2018-q2-update.win32_1.5.0.202011040924/tools/bin/../lib/gcc/arm-none-eabi/7.3.1/../../../../arm-none-eabi/lib/thumb/v7-m/crt0.o
LOAD Core/Src/main.o
LOAD Core/Src/stm32f1xx_hal_msp.o
LOAD Core/Src/stm32f1xx_it.o
LOAD Core/Src/syscalls.o
LOAD Core/Src/sysmem.o
LOAD Core/Src/system_stm32f1xx.o
LOAD Core/Startup/startup_stm32f103c8tx.o
LOAD Drivers/STM32F1xx_HAL_Driver/Src/stm32f1xx_hal.o
LOAD Drivers/STM32F1xx_HAL_Driver/Src/stm32f1xx_hal_cortex.o
LOAD Drivers/STM32F1xx_HAL_Driver/Src/stm32f1xx_hal_dma.o
LOAD Drivers/STM32F1xx_HAL_Driver/Src/stm32f1xx_hal_exti.o
LOAD Drivers/STM32F1xx_HAL_Driver/Src/stm32f1xx_hal_flash.o
LOAD Drivers/STM32F1xx_HAL_Driver/Src/stm32f1xx_hal_flash_ex.o
LOAD Drivers/STM32F1xx_HAL_Driver/Src/stm32f1xx_hal_gpio.o
LOAD Drivers/STM32F1xx_HAL_Driver/Src/stm32f1xx_hal_gpio_ex.o
LOAD Drivers/STM32F1xx_HAL_Driver/Src/stm32f1xx_hal_pwr.o
LOAD Drivers/STM32F1xx_HAL_Driver/Src/stm32f1xx_hal_rcc.o
LOAD Drivers/STM32F1xx_HAL_Driver/Src/stm32f1xx_hal_rcc_ex.o
LOAD Drivers/STM32F1xx_HAL_Driver/Src/stm32f1xx_hal_spi.o
LOAD Drivers/STM32F1xx_HAL_Driver/Src/stm32f1xx_hal_tim.o
LOAD Drivers/STM32F1xx_HAL_Driver/Src/stm32f1xx_hal_tim_ex.o
LOAD FATFS/App/fatfs.o
LOAD FATFS/Target/fatfs_sd.o
LOAD FATFS/Target/user_diskio.o
LOAD Middlewares/Third_Party/FatFs/src/diskio.o
LOAD Middlewares/Third_Party/FatFs/src/ff.o
LOAD Middlewares/Third_Party/FatFs/src/ff_gen_drv.o
LOAD Middlewares/Third_Party/FatFs/src/option/ccsbcs.o
LOAD Middlewares/Third_Party/FatFs/src/option/syscall.o
START GROUP
LOAD c:/st/stm32cubeide_1.4.0/stm32cubeide/plugins/com.st.stm32cube.ide.mcu.externaltools.gnu-tools-for-stm32.7-2018-q2-update.win32_1.5.0.202011040924/tools/bin/../lib/gcc/arm-none-eabi/7.3.1/../../../../arm-none-eabi/lib/thumb/v7-m\libc_nano.a
LOAD c:/st/stm32cubeide_1.4.0/stm32cubeide/plugins/com.st.stm32cube.ide.mcu.externaltools.gnu-tools-for-stm32.7-2018-q2-update.win32_1.5.0.202011040924/tools/bin/../lib/gcc/arm-none-eabi/7.3.1/../../../../arm-none-eabi/lib/thumb/v7-m\libm.a
END GROUP
START GROUP
LOAD c:/st/stm32cubeide_1.4.0/stm32cubeide/plugins/com.st.stm32cube.ide.mcu.externaltools.gnu-tools-for-stm32.7-2018-q2-update.win32_1.5.0.202011040924/tools/bin/../lib/gcc/arm-none-eabi/7.3.1/thumb/v7-m\libgcc.a
LOAD c:/st/stm32cubeide_1.4.0/stm32cubeide/plugins/com.st.stm32cube.ide.mcu.externaltools.gnu-tools-for-stm32.7-2018-q2-update.win32_1.5.0.202011040924/tools/bin/../lib/gcc/arm-none-eabi/7.3.1/../../../../arm-none-eabi/lib/thumb/v7-m\libc_nano.a
END GROUP
START GROUP
LOAD c:/st/stm32cubeide_1.4.0/stm32cubeide/plugins/com.st.stm32cube.ide.mcu.externaltools.gnu-tools-for-stm32.7-2018-q2-update.win32_1.5.0.202011040924/tools/bin/../lib/gcc/arm-none-eabi/7.3.1/thumb/v7-m\libgcc.a
LOAD c:/st/stm32cubeide_1.4.0/stm32cubeide/plugins/com.st.stm32cube.ide.mcu.externaltools.gnu-tools-for-stm32.7-2018-q2-update.win32_1.5.0.202011040924/tools/bin/../lib/gcc/arm-none-eabi/7.3.1/../../../../arm-none-eabi/lib/thumb/v7-m\libc_nano.a
LOAD c:/st/stm32cubeide_1.4.0/stm32cubeide/plugins/com.st.stm32cube.ide.mcu.externaltools.gnu-tools-for-stm32.7-2018-q2-update.win32_1.5.0.202011040924/tools/bin/../lib/gcc/arm-none-eabi/7.3.1/../../../../arm-none-eabi/lib/thumb/v7-m\libnosys.a
END GROUP
START GROUP
LOAD c:/st/stm32cubeide_1.4.0/stm32cubeide/plugins/com.st.stm32cube.ide.mcu.externaltools.gnu-tools-for-stm32.7-2018-q2-update.win32_1.5.0.202011040924/tools/bin/../lib/gcc/arm-none-eabi/7.3.1/thumb/v7-m\libgcc.a
LOAD c:/st/stm32cubeide_1.4.0/stm32cubeide/plugins/com.st.stm32cube.ide.mcu.externaltools.gnu-tools-for-stm32.7-2018-q2-update.win32_1.5.0.202011040924/tools/bin/../lib/gcc/arm-none-eabi/7.3.1/../../../../arm-none-eabi/lib/thumb/v7-m\libc_nano.a
LOAD c:/st/stm32cubeide_1.4.0/stm32cubeide/plugins/com.st.stm32cube.ide.mcu.externaltools.gnu-tools-for-stm32.7-2018-q2-update.win32_1.5.0.202011040924/tools/bin/../lib/gcc/arm-none-eabi/7.3.1/../../../../arm-none-eabi/lib/thumb/v7-m\libnosys.a
END GROUP
LOAD c:/st/stm32cubeide_1.4.0/stm32cubeide/plugins/com.st.stm32cube.ide.mcu.externaltools.gnu-tools-for-stm32.7-2018-q2-update.win32_1.5.0.202011040924/tools/bin/../lib/gcc/arm-none-eabi/7.3.1/thumb/v7-m/crtend.o
LOAD c:/st/stm32cubeide_1.4.0/stm32cubeide/plugins/com.st.stm32cube.ide.mcu.externaltools.gnu-tools-for-stm32.7-2018-q2-update.win32_1.5.0.202011040924/tools/bin/../lib/gcc/arm-none-eabi/7.3.1/thumb/v7-m/crtn.o
                0x0000000020005000                _estack = (ORIGIN (RAM) + LENGTH (RAM))
                0x0000000000000200                _Min_Heap_Size = 0x200
                0x0000000000000400                _Min_Stack_Size = 0x400

.isr_vector     0x0000000008000000      0x10c
                0x0000000008000000                . = ALIGN (0x4)
 *(.isr_vector)
 .isr_vector    0x0000000008000000      0x10c Core/Startup/startup_stm32f103c8tx.o
                0x0000000008000000                g_pfnVectors
                0x000000000800010c                . = ALIGN (0x4)

.text           0x000000000800010c     0x6b20
                0x000000000800010c                . = ALIGN (0x4)
 *(.text)
 .text          0x000000000800010c       0x40 c:/st/stm32cubeide_1.4.0/stm32cubeide/plugins/com.st.stm32cube.ide.mcu.externaltools.gnu-tools-for-stm32.7-2018-q2-update.win32_1.5.0.202011040924/tools/bin/../lib/gcc/arm-none-eabi/7.3.1/thumb/v7-m/crtbegin.o
 *(.text*)
 .text.LED_ALL_ON
                0x000000000800014c       0x28 Core/Src/main.o
                0x000000000800014c                LED_ALL_ON
 .text.LED_TWO  0x0000000008000174       0x28 Core/Src/main.o
                0x0000000008000174                LED_TWO
 .text.LED_THREE
                0x000000000800019c       0x28 Core/Src/main.o
                0x000000000800019c                LED_THREE
 .text.LED_ALL_OFF
                0x00000000080001c4       0x28 Core/Src/main.o
                0x00000000080001c4                LED_ALL_OFF
 .text.play_music
                0x00000000080001ec      0x1b4 Core/Src/main.o
                0x00000000080001ec                play_music
 .text.main     0x00000000080003a0       0x40 Core/Src/main.o
                0x00000000080003a0                main
 .text.SystemClock_Config
                0x00000000080003e0       0x8a Core/Src/main.o
                0x00000000080003e0                SystemClock_Config
 *fill*         0x000000000800046a        0x2 
 .text.MX_SPI1_Init
                0x000000000800046c       0x6c Core/Src/main.o
 .text.MX_TIM3_Init
                0x00000000080004d8       0xc8 Core/Src/main.o
 .text.MX_GPIO_Init
                0x00000000080005a0      0x110 Core/Src/main.o
 .text.HAL_GPIO_EXTI_Callback
                0x00000000080006b0       0x3c Core/Src/main.o
                0x00000000080006b0                HAL_GPIO_EXTI_Callback
 .text.Error_Handler
                0x00000000080006ec        0x8 Core/Src/main.o
                0x00000000080006ec                Error_Handler
 .text.HAL_MspInit
                0x00000000080006f4       0x64 Core/Src/stm32f1xx_hal_msp.o
                0x00000000080006f4                HAL_MspInit
 .text.HAL_SPI_MspInit
                0x0000000008000758       0x94 Core/Src/stm32f1xx_hal_msp.o
                0x0000000008000758                HAL_SPI_MspInit
 .text.HAL_TIM_PWM_MspInit
                0x00000000080007ec       0x3c Core/Src/stm32f1xx_hal_msp.o
                0x00000000080007ec                HAL_TIM_PWM_MspInit
 .text.HAL_TIM_MspPostInit
                0x0000000008000828       0x64 Core/Src/stm32f1xx_hal_msp.o
                0x0000000008000828                HAL_TIM_MspPostInit
 .text.SDTimer_Handler
                0x000000000800088c       0x44 Core/Src/stm32f1xx_it.o
                0x000000000800088c                SDTimer_Handler
 .text.NMI_Handler
                0x00000000080008d0        0x6 Core/Src/stm32f1xx_it.o
                0x00000000080008d0                NMI_Handler
 .text.HardFault_Handler
                0x00000000080008d6        0x6 Core/Src/stm32f1xx_it.o
                0x00000000080008d6                HardFault_Handler
 .text.MemManage_Handler
                0x00000000080008dc        0x6 Core/Src/stm32f1xx_it.o
                0x00000000080008dc                MemManage_Handler
 .text.BusFault_Handler
                0x00000000080008e2        0x6 Core/Src/stm32f1xx_it.o
                0x00000000080008e2                BusFault_Handler
 .text.UsageFault_Handler
                0x00000000080008e8        0x6 Core/Src/stm32f1xx_it.o
                0x00000000080008e8                UsageFault_Handler
 .text.SVC_Handler
                0x00000000080008ee        0xc Core/Src/stm32f1xx_it.o
                0x00000000080008ee                SVC_Handler
 .text.DebugMon_Handler
                0x00000000080008fa        0xc Core/Src/stm32f1xx_it.o
                0x00000000080008fa                DebugMon_Handler
 .text.PendSV_Handler
                0x0000000008000906        0xc Core/Src/stm32f1xx_it.o
                0x0000000008000906                PendSV_Handler
 *fill*         0x0000000008000912        0x2 
 .text.SysTick_Handler
                0x0000000008000914       0x34 Core/Src/stm32f1xx_it.o
                0x0000000008000914                SysTick_Handler
 .text.EXTI1_IRQHandler
                0x0000000008000948        0xe Core/Src/stm32f1xx_it.o
                0x0000000008000948                EXTI1_IRQHandler
 .text.EXTI2_IRQHandler
                0x0000000008000956        0xe Core/Src/stm32f1xx_it.o
                0x0000000008000956                EXTI2_IRQHandler
 .text.EXTI3_IRQHandler
                0x0000000008000964        0xe Core/Src/stm32f1xx_it.o
                0x0000000008000964                EXTI3_IRQHandler
 .text.SystemInit
                0x0000000008000972        0xc Core/Src/system_stm32f1xx.o
                0x0000000008000972                SystemInit
 *fill*         0x000000000800097e        0x2 
 .text.Reset_Handler
                0x0000000008000980       0x48 Core/Startup/startup_stm32f103c8tx.o
                0x0000000008000980                Reset_Handler
 .text.Default_Handler
                0x00000000080009c8        0x2 Core/Startup/startup_stm32f103c8tx.o
                0x00000000080009c8                RTC_Alarm_IRQHandler
                0x00000000080009c8                TIM1_CC_IRQHandler
                0x00000000080009c8                PVD_IRQHandler
                0x00000000080009c8                EXTI0_IRQHandler
                0x00000000080009c8                I2C2_EV_IRQHandler
                0x00000000080009c8                ADC1_2_IRQHandler
                0x00000000080009c8                SPI1_IRQHandler
                0x00000000080009c8                TAMPER_IRQHandler
                0x00000000080009c8                DMA1_Channel4_IRQHandler
                0x00000000080009c8                USART3_IRQHandler
                0x00000000080009c8                RTC_IRQHandler
                0x00000000080009c8                DMA1_Channel7_IRQHandler
                0x00000000080009c8                CAN1_RX1_IRQHandler
                0x00000000080009c8                TIM4_IRQHandler
                0x00000000080009c8                I2C1_EV_IRQHandler
                0x00000000080009c8                DMA1_Channel6_IRQHandler
                0x00000000080009c8                TIM3_IRQHandler
                0x00000000080009c8                RCC_IRQHandler
                0x00000000080009c8                TIM1_TRG_COM_IRQHandler
                0x00000000080009c8                DMA1_Channel1_IRQHandler
                0x00000000080009c8                Default_Handler
                0x00000000080009c8                EXTI15_10_IRQHandler
                0x00000000080009c8                EXTI9_5_IRQHandler
                0x00000000080009c8                SPI2_IRQHandler
                0x00000000080009c8                DMA1_Channel5_IRQHandler
                0x00000000080009c8                EXTI4_IRQHandler
                0x00000000080009c8                USB_LP_CAN1_RX0_IRQHandler
                0x00000000080009c8                USB_HP_CAN1_TX_IRQHandler
                0x00000000080009c8                DMA1_Channel3_IRQHandler
                0x00000000080009c8                TIM1_UP_IRQHandler
                0x00000000080009c8                WWDG_IRQHandler
                0x00000000080009c8                TIM2_IRQHandler
                0x00000000080009c8                TIM1_BRK_IRQHandler
                0x00000000080009c8                USART2_IRQHandler
                0x00000000080009c8                I2C2_ER_IRQHandler
                0x00000000080009c8                DMA1_Channel2_IRQHandler
                0x00000000080009c8                CAN1_SCE_IRQHandler
                0x00000000080009c8                FLASH_IRQHandler
                0x00000000080009c8                USART1_IRQHandler
                0x00000000080009c8                I2C1_ER_IRQHandler
                0x00000000080009c8                USBWakeUp_IRQHandler
 *fill*         0x00000000080009ca        0x2 
 .text.HAL_Init
                0x00000000080009cc       0x2c Drivers/STM32F1xx_HAL_Driver/Src/stm32f1xx_hal.o
                0x00000000080009cc                HAL_Init
 .text.HAL_InitTick
                0x00000000080009f8       0x60 Drivers/STM32F1xx_HAL_Driver/Src/stm32f1xx_hal.o
                0x00000000080009f8                HAL_InitTick
 .text.HAL_IncTick
                0x0000000008000a58       0x24 Drivers/STM32F1xx_HAL_Driver/Src/stm32f1xx_hal.o
                0x0000000008000a58                HAL_IncTick
 .text.HAL_GetTick
                0x0000000008000a7c       0x14 Drivers/STM32F1xx_HAL_Driver/Src/stm32f1xx_hal.o
                0x0000000008000a7c                HAL_GetTick
 .text.HAL_Delay
                0x0000000008000a90       0x44 Drivers/STM32F1xx_HAL_Driver/Src/stm32f1xx_hal.o
                0x0000000008000a90                HAL_Delay
 .text.__NVIC_SetPriorityGrouping
                0x0000000008000ad4       0x48 Drivers/STM32F1xx_HAL_Driver/Src/stm32f1xx_hal_cortex.o
 .text.__NVIC_GetPriorityGrouping
                0x0000000008000b1c       0x1c Drivers/STM32F1xx_HAL_Driver/Src/stm32f1xx_hal_cortex.o
 .text.__NVIC_EnableIRQ
                0x0000000008000b38       0x38 Drivers/STM32F1xx_HAL_Driver/Src/stm32f1xx_hal_cortex.o
 .text.__NVIC_SetPriority
                0x0000000008000b70       0x54 Drivers/STM32F1xx_HAL_Driver/Src/stm32f1xx_hal_cortex.o
 .text.NVIC_EncodePriority
                0x0000000008000bc4       0x64 Drivers/STM32F1xx_HAL_Driver/Src/stm32f1xx_hal_cortex.o
 .text.SysTick_Config
                0x0000000008000c28       0x44 Drivers/STM32F1xx_HAL_Driver/Src/stm32f1xx_hal_cortex.o
 .text.HAL_NVIC_SetPriorityGrouping
                0x0000000008000c6c       0x16 Drivers/STM32F1xx_HAL_Driver/Src/stm32f1xx_hal_cortex.o
                0x0000000008000c6c                HAL_NVIC_SetPriorityGrouping
 .text.HAL_NVIC_SetPriority
                0x0000000008000c82       0x38 Drivers/STM32F1xx_HAL_Driver/Src/stm32f1xx_hal_cortex.o
                0x0000000008000c82                HAL_NVIC_SetPriority
 .text.HAL_NVIC_EnableIRQ
                0x0000000008000cba       0x1c Drivers/STM32F1xx_HAL_Driver/Src/stm32f1xx_hal_cortex.o
                0x0000000008000cba                HAL_NVIC_EnableIRQ
 .text.HAL_SYSTICK_Config
                0x0000000008000cd6       0x18 Drivers/STM32F1xx_HAL_Driver/Src/stm32f1xx_hal_cortex.o
                0x0000000008000cd6                HAL_SYSTICK_Config
 *fill*         0x0000000008000cee        0x2 
 .text.HAL_GPIO_Init
                0x0000000008000cf0      0x2b4 Drivers/STM32F1xx_HAL_Driver/Src/stm32f1xx_hal_gpio.o
                0x0000000008000cf0                HAL_GPIO_Init
 .text.HAL_GPIO_WritePin
                0x0000000008000fa4       0x30 Drivers/STM32F1xx_HAL_Driver/Src/stm32f1xx_hal_gpio.o
                0x0000000008000fa4                HAL_GPIO_WritePin
 .text.HAL_GPIO_EXTI_IRQHandler
                0x0000000008000fd4       0x30 Drivers/STM32F1xx_HAL_Driver/Src/stm32f1xx_hal_gpio.o
                0x0000000008000fd4                HAL_GPIO_EXTI_IRQHandler
 .text.HAL_RCC_OscConfig
                0x0000000008001004      0x500 Drivers/STM32F1xx_HAL_Driver/Src/stm32f1xx_hal_rcc.o
                0x0000000008001004                HAL_RCC_OscConfig
 .text.HAL_RCC_ClockConfig
                0x0000000008001504      0x1d4 Drivers/STM32F1xx_HAL_Driver/Src/stm32f1xx_hal_rcc.o
                0x0000000008001504                HAL_RCC_ClockConfig
 .text.HAL_RCC_GetSysClockFreq
                0x00000000080016d8       0xc4 Drivers/STM32F1xx_HAL_Driver/Src/stm32f1xx_hal_rcc.o
                0x00000000080016d8                HAL_RCC_GetSysClockFreq
 .text.RCC_Delay
                0x000000000800179c       0x3c Drivers/STM32F1xx_HAL_Driver/Src/stm32f1xx_hal_rcc.o
 .text.HAL_SPI_Init
                0x00000000080017d8      0x108 Drivers/STM32F1xx_HAL_Driver/Src/stm32f1xx_hal_spi.o
                0x00000000080017d8                HAL_SPI_Init
 .text.HAL_SPI_Transmit
                0x00000000080018e0      0x278 Drivers/STM32F1xx_HAL_Driver/Src/stm32f1xx_hal_spi.o
                0x00000000080018e0                HAL_SPI_Transmit
 .text.HAL_SPI_TransmitReceive
                0x0000000008001b58      0x344 Drivers/STM32F1xx_HAL_Driver/Src/stm32f1xx_hal_spi.o
                0x0000000008001b58                HAL_SPI_TransmitReceive
 .text.HAL_SPI_GetState
                0x0000000008001e9c       0x1a Drivers/STM32F1xx_HAL_Driver/Src/stm32f1xx_hal_spi.o
                0x0000000008001e9c                HAL_SPI_GetState
 *fill*         0x0000000008001eb6        0x2 
 .text.SPI_WaitFlagStateUntilTimeout
                0x0000000008001eb8      0x110 Drivers/STM32F1xx_HAL_Driver/Src/stm32f1xx_hal_spi.o
 .text.SPI_EndRxTxTransaction
                0x0000000008001fc8       0x3c Drivers/STM32F1xx_HAL_Driver/Src/stm32f1xx_hal_spi.o
 .text.HAL_TIM_PWM_Init
                0x0000000008002004       0x9e Drivers/STM32F1xx_HAL_Driver/Src/stm32f1xx_hal_tim.o
                0x0000000008002004                HAL_TIM_PWM_Init
 *fill*         0x00000000080020a2        0x2 
 .text.HAL_TIM_PWM_Start
                0x00000000080020a4      0x144 Drivers/STM32F1xx_HAL_Driver/Src/stm32f1xx_hal_tim.o
                0x00000000080020a4                HAL_TIM_PWM_Start
 .text.HAL_TIM_PWM_ConfigChannel
                0x00000000080021e8      0x17c Drivers/STM32F1xx_HAL_Driver/Src/stm32f1xx_hal_tim.o
                0x00000000080021e8                HAL_TIM_PWM_ConfigChannel
 .text.TIM_Base_SetConfig
                0x0000000008002364       0xc4 Drivers/STM32F1xx_HAL_Driver/Src/stm32f1xx_hal_tim.o
                0x0000000008002364                TIM_Base_SetConfig
 .text.TIM_OC1_SetConfig
                0x0000000008002428       0xcc Drivers/STM32F1xx_HAL_Driver/Src/stm32f1xx_hal_tim.o
 .text.TIM_OC2_SetConfig
                0x00000000080024f4       0xd4 Drivers/STM32F1xx_HAL_Driver/Src/stm32f1xx_hal_tim.o
                0x00000000080024f4                TIM_OC2_SetConfig
 .text.TIM_OC3_SetConfig
                0x00000000080025c8       0xd4 Drivers/STM32F1xx_HAL_Driver/Src/stm32f1xx_hal_tim.o
 .text.TIM_OC4_SetConfig
                0x000000000800269c       0x9c Drivers/STM32F1xx_HAL_Driver/Src/stm32f1xx_hal_tim.o
 .text.TIM_CCxChannelCmd
                0x0000000008002738       0x48 Drivers/STM32F1xx_HAL_Driver/Src/stm32f1xx_hal_tim.o
                0x0000000008002738                TIM_CCxChannelCmd
 .text.HAL_TIMEx_MasterConfigSynchronization
                0x0000000008002780       0xbc Drivers/STM32F1xx_HAL_Driver/Src/stm32f1xx_hal_tim_ex.o
                0x0000000008002780                HAL_TIMEx_MasterConfigSynchronization
 .text.MX_FATFS_Init
                0x000000000800283c       0x24 FATFS/App/fatfs.o
                0x000000000800283c                MX_FATFS_Init
 .text.get_fattime
                0x0000000008002860        0xe FATFS/App/fatfs.o
                0x0000000008002860                get_fattime
 *fill*         0x000000000800286e        0x2 
 .text.SELECT   0x0000000008002870       0x18 FATFS/Target/fatfs_sd.o
 .text.DESELECT
                0x0000000008002888       0x18 FATFS/Target/fatfs_sd.o
 .text.SPI_TxByte
                0x00000000080028a0       0x34 FATFS/Target/fatfs_sd.o
 .text.SPI_RxByte
                0x00000000080028d4       0x3c FATFS/Target/fatfs_sd.o
 .text.SPI_RxBytePtr
                0x0000000008002910       0x1c FATFS/Target/fatfs_sd.o
 .text.SD_ReadyWait
                0x000000000800292c       0x38 FATFS/Target/fatfs_sd.o
 .text.SD_PowerOn
                0x0000000008002964       0x98 FATFS/Target/fatfs_sd.o
 .text.SD_PowerOff
                0x00000000080029fc       0x18 FATFS/Target/fatfs_sd.o
 .text.SD_CheckPower
                0x0000000008002a14       0x14 FATFS/Target/fatfs_sd.o
 .text.SD_RxDataBlock
                0x0000000008002a28       0x6c FATFS/Target/fatfs_sd.o
 .text.SD_TxDataBlock
                0x0000000008002a94       0xa8 FATFS/Target/fatfs_sd.o
 .text.SD_SendCmd
                0x0000000008002b3c       0xa4 FATFS/Target/fatfs_sd.o
 .text.SD_disk_initialize
                0x0000000008002be0      0x1d4 FATFS/Target/fatfs_sd.o
                0x0000000008002be0                SD_disk_initialize
 .text.SD_disk_status
                0x0000000008002db4       0x28 FATFS/Target/fatfs_sd.o
                0x0000000008002db4                SD_disk_status
 .text.SD_disk_read
                0x0000000008002ddc       0xd4 FATFS/Target/fatfs_sd.o
                0x0000000008002ddc                SD_disk_read
 .text.SD_disk_write
                0x0000000008002eb0      0x108 FATFS/Target/fatfs_sd.o
                0x0000000008002eb0                SD_disk_write
 .text.SD_disk_ioctl
                0x0000000008002fb8      0x25c FATFS/Target/fatfs_sd.o
                0x0000000008002fb8                SD_disk_ioctl
 .text.USER_initialize
                0x0000000008003214       0x1e FATFS/Target/user_diskio.o
                0x0000000008003214                USER_initialize
 .text.USER_status
                0x0000000008003232       0x1e FATFS/Target/user_diskio.o
                0x0000000008003232                USER_status
 .text.USER_read
                0x0000000008003250       0x28 FATFS/Target/user_diskio.o
                0x0000000008003250                USER_read
 .text.USER_write
                0x0000000008003278       0x28 FATFS/Target/user_diskio.o
                0x0000000008003278                USER_write
 .text.USER_ioctl
                0x00000000080032a0       0x28 FATFS/Target/user_diskio.o
                0x00000000080032a0                USER_ioctl
 .text.disk_status
                0x00000000080032c8       0x34 Middlewares/Third_Party/FatFs/src/diskio.o
                0x00000000080032c8                disk_status
 .text.disk_initialize
                0x00000000080032fc       0x4c Middlewares/Third_Party/FatFs/src/diskio.o
                0x00000000080032fc                disk_initialize
 .text.disk_read
                0x0000000008003348       0x40 Middlewares/Third_Party/FatFs/src/diskio.o
                0x0000000008003348                disk_read
 .text.disk_write
                0x0000000008003388       0x40 Middlewares/Third_Party/FatFs/src/diskio.o
                0x0000000008003388                disk_write
 .text.disk_ioctl
                0x00000000080033c8       0x3c Middlewares/Third_Party/FatFs/src/diskio.o
                0x00000000080033c8                disk_ioctl
 .text.mem_cpy  0x0000000008003404       0x3a Middlewares/Third_Party/FatFs/src/ff.o
 .text.mem_set  0x000000000800343e       0x32 Middlewares/Third_Party/FatFs/src/ff.o
 .text.mem_cmp  0x0000000008003470       0x4c Middlewares/Third_Party/FatFs/src/ff.o
 .text.chk_chr  0x00000000080034bc       0x34 Middlewares/Third_Party/FatFs/src/ff.o
 .text.chk_lock
                0x00000000080034f0       0xe4 Middlewares/Third_Party/FatFs/src/ff.o
 .text.enq_lock
                0x00000000080035d4       0x48 Middlewares/Third_Party/FatFs/src/ff.o
 .text.inc_lock
                0x000000000800361c      0x180 Middlewares/Third_Party/FatFs/src/ff.o
 .text.dec_lock
                0x000000000800379c       0x88 Middlewares/Third_Party/FatFs/src/ff.o
 .text.clear_lock
                0x0000000008003824       0x50 Middlewares/Third_Party/FatFs/src/ff.o
 .text.sync_window
                0x0000000008003874       0xb4 Middlewares/Third_Party/FatFs/src/ff.o
 .text.move_window
                0x0000000008003928       0x68 Middlewares/Third_Party/FatFs/src/ff.o
 .text.sync_fs  0x0000000008003990      0x19e Middlewares/Third_Party/FatFs/src/ff.o
 .text.clust2sect
                0x0000000008003b2e       0x4e Middlewares/Third_Party/FatFs/src/ff.o
                0x0000000008003b2e                clust2sect
 .text.get_fat  0x0000000008003b7c      0x204 Middlewares/Third_Party/FatFs/src/ff.o
                0x0000000008003b7c                get_fat
 .text.put_fat  0x0000000008003d80      0x2ba Middlewares/Third_Party/FatFs/src/ff.o
                0x0000000008003d80                put_fat
 .text.remove_chain
                0x000000000800403a       0xd0 Middlewares/Third_Party/FatFs/src/ff.o
 .text.create_chain
                0x000000000800410a      0x162 Middlewares/Third_Party/FatFs/src/ff.o
 .text.clmt_clust
                0x000000000800426c       0x86 Middlewares/Third_Party/FatFs/src/ff.o
 .text.dir_sdi  0x00000000080042f2      0x1b6 Middlewares/Third_Party/FatFs/src/ff.o
 .text.dir_next
                0x00000000080044a8      0x2c4 Middlewares/Third_Party/FatFs/src/ff.o
 .text.dir_alloc
                0x000000000800476c       0xa2 Middlewares/Third_Party/FatFs/src/ff.o
 .text.ld_clust
                0x000000000800480e       0x5c Middlewares/Third_Party/FatFs/src/ff.o
 .text.st_clust
                0x000000000800486a       0x4c Middlewares/Third_Party/FatFs/src/ff.o
 *fill*         0x00000000080048b6        0x2 
 .text.cmp_lfn  0x00000000080048b8       0xdc Middlewares/Third_Party/FatFs/src/ff.o
 .text.fit_lfn  0x0000000008004994       0xe8 Middlewares/Third_Party/FatFs/src/ff.o
 .text.gen_numname
                0x0000000008004a7c      0x11e Middlewares/Third_Party/FatFs/src/ff.o
 .text.sum_sfn  0x0000000008004b9a       0x40 Middlewares/Third_Party/FatFs/src/ff.o
 .text.dir_find
                0x0000000008004bda      0x1aa Middlewares/Third_Party/FatFs/src/ff.o
 .text.dir_register
                0x0000000008004d84      0x260 Middlewares/Third_Party/FatFs/src/ff.o
 .text.create_name
                0x0000000008004fe4      0x384 Middlewares/Third_Party/FatFs/src/ff.o
 .text.follow_path
                0x0000000008005368       0xf2 Middlewares/Third_Party/FatFs/src/ff.o
 .text.get_ldnumber
                0x000000000800545a       0x86 Middlewares/Third_Party/FatFs/src/ff.o
 .text.check_fs
                0x00000000080054e0       0xdc Middlewares/Third_Party/FatFs/src/ff.o
 .text.find_volume
                0x00000000080055bc      0x6b8 Middlewares/Third_Party/FatFs/src/ff.o
 .text.validate
                0x0000000008005c74       0x7c Middlewares/Third_Party/FatFs/src/ff.o
 .text.f_mount  0x0000000008005cf0       0x94 Middlewares/Third_Party/FatFs/src/ff.o
                0x0000000008005cf0                f_mount
 .text.f_open   0x0000000008005d84      0x674 Middlewares/Third_Party/FatFs/src/ff.o
                0x0000000008005d84                f_open
 .text.f_read   0x00000000080063f8      0x42c Middlewares/Third_Party/FatFs/src/ff.o
                0x00000000080063f8                f_read
 .text.f_sync   0x0000000008006824      0x1bc Middlewares/Third_Party/FatFs/src/ff.o
                0x0000000008006824                f_sync
 .text.f_close  0x00000000080069e0       0x56 Middlewares/Third_Party/FatFs/src/ff.o
                0x00000000080069e0                f_close
 *fill*         0x0000000008006a36        0x2 
 .text.FATFS_LinkDriverEx
                0x0000000008006a38       0x94 Middlewares/Third_Party/FatFs/src/ff_gen_drv.o
                0x0000000008006a38                FATFS_LinkDriverEx
 .text.FATFS_LinkDriver
                0x0000000008006acc       0x1e Middlewares/Third_Party/FatFs/src/ff_gen_drv.o
                0x0000000008006acc                FATFS_LinkDriver
 *fill*         0x0000000008006aea        0x2 
 .text.ff_convert
                0x0000000008006aec       0x74 Middlewares/Third_Party/FatFs/src/option/ccsbcs.o
                0x0000000008006aec                ff_convert
 .text.ff_wtoupper
                0x0000000008006b60       0x5c Middlewares/Third_Party/FatFs/src/option/ccsbcs.o
                0x0000000008006b60                ff_wtoupper
 .text.__libc_init_array
                0x0000000008006bbc       0x48 c:/st/stm32cubeide_1.4.0/stm32cubeide/plugins/com.st.stm32cube.ide.mcu.externaltools.gnu-tools-for-stm32.7-2018-q2-update.win32_1.5.0.202011040924/tools/bin/../lib/gcc/arm-none-eabi/7.3.1/../../../../arm-none-eabi/lib/thumb/v7-m\libc_nano.a(lib_a-init.o)
                0x0000000008006bbc                __libc_init_array
 .text.memset   0x0000000008006c04       0x10 c:/st/stm32cubeide_1.4.0/stm32cubeide/plugins/com.st.stm32cube.ide.mcu.externaltools.gnu-tools-for-stm32.7-2018-q2-update.win32_1.5.0.202011040924/tools/bin/../lib/gcc/arm-none-eabi/7.3.1/../../../../arm-none-eabi/lib/thumb/v7-m\libc_nano.a(lib_a-memset.o)
                0x0000000008006c04                memset
 *(.glue_7)
 .glue_7        0x0000000008006c14        0x0 linker stubs
 *(.glue_7t)
 .glue_7t       0x0000000008006c14        0x0 linker stubs
 *(.eh_frame)
 .eh_frame      0x0000000008006c14        0x0 c:/st/stm32cubeide_1.4.0/stm32cubeide/plugins/com.st.stm32cube.ide.mcu.externaltools.gnu-tools-for-stm32.7-2018-q2-update.win32_1.5.0.202011040924/tools/bin/../lib/gcc/arm-none-eabi/7.3.1/thumb/v7-m/crtbegin.o
 *(.init)
 .init          0x0000000008006c14        0x4 c:/st/stm32cubeide_1.4.0/stm32cubeide/plugins/com.st.stm32cube.ide.mcu.externaltools.gnu-tools-for-stm32.7-2018-q2-update.win32_1.5.0.202011040924/tools/bin/../lib/gcc/arm-none-eabi/7.3.1/thumb/v7-m/crti.o
                0x0000000008006c14                _init
 .init          0x0000000008006c18        0x8 c:/st/stm32cubeide_1.4.0/stm32cubeide/plugins/com.st.stm32cube.ide.mcu.externaltools.gnu-tools-for-stm32.7-2018-q2-update.win32_1.5.0.202011040924/tools/bin/../lib/gcc/arm-none-eabi/7.3.1/thumb/v7-m/crtn.o
 *(.fini)
 .fini          0x0000000008006c20        0x4 c:/st/stm32cubeide_1.4.0/stm32cubeide/plugins/com.st.stm32cube.ide.mcu.externaltools.gnu-tools-for-stm32.7-2018-q2-update.win32_1.5.0.202011040924/tools/bin/../lib/gcc/arm-none-eabi/7.3.1/thumb/v7-m/crti.o
                0x0000000008006c20                _fini
 .fini          0x0000000008006c24        0x8 c:/st/stm32cubeide_1.4.0/stm32cubeide/plugins/com.st.stm32cube.ide.mcu.externaltools.gnu-tools-for-stm32.7-2018-q2-update.win32_1.5.0.202011040924/tools/bin/../lib/gcc/arm-none-eabi/7.3.1/thumb/v7-m/crtn.o
                0x0000000008006c2c                . = ALIGN (0x4)
                0x0000000008006c2c                _etext = .

.vfp11_veneer   0x0000000008006c2c        0x0
 .vfp11_veneer  0x0000000008006c2c        0x0 linker stubs

.v4_bx          0x0000000008006c2c        0x0
 .v4_bx         0x0000000008006c2c        0x0 linker stubs

.iplt           0x0000000008006c2c        0x0
 .iplt          0x0000000008006c2c        0x0 c:/st/stm32cubeide_1.4.0/stm32cubeide/plugins/com.st.stm32cube.ide.mcu.externaltools.gnu-tools-for-stm32.7-2018-q2-update.win32_1.5.0.202011040924/tools/bin/../lib/gcc/arm-none-eabi/7.3.1/thumb/v7-m/crtbegin.o

.rodata         0x0000000008006c2c      0x5e4
                0x0000000008006c2c                . = ALIGN (0x4)
 *(.rodata)
 .rodata        0x0000000008006c2c       0x27 Core/Src/main.o
 *fill*         0x0000000008006c53        0x1 
 .rodata        0x0000000008006c54       0x12 Drivers/STM32F1xx_HAL_Driver/Src/stm32f1xx_hal_rcc.o
 *fill*         0x0000000008006c66        0x2 
 .rodata        0x0000000008006c68       0x48 Middlewares/Third_Party/FatFs/src/ff.o
 *(.rodata*)
 .rodata.AHBPrescTable
                0x0000000008006cb0       0x10 Core/Src/system_stm32f1xx.o
                0x0000000008006cb0                AHBPrescTable
 .rodata.ExCvt  0x0000000008006cc0       0x80 Middlewares/Third_Party/FatFs/src/ff.o
 .rodata.LfnOfs
                0x0000000008006d40        0xd Middlewares/Third_Party/FatFs/src/ff.o
 *fill*         0x0000000008006d4d        0x3 
 .rodata.Tbl    0x0000000008006d50      0x100 Middlewares/Third_Party/FatFs/src/option/ccsbcs.o
 .rodata.tbl_lower.6264
                0x0000000008006e50      0x1e0 Middlewares/Third_Party/FatFs/src/option/ccsbcs.o
 .rodata.tbl_upper.6265
                0x0000000008007030      0x1e0 Middlewares/Third_Party/FatFs/src/option/ccsbcs.o
                0x0000000008007210                . = ALIGN (0x4)

.rel.dyn        0x0000000008007210        0x0
 .rel.iplt      0x0000000008007210        0x0 c:/st/stm32cubeide_1.4.0/stm32cubeide/plugins/com.st.stm32cube.ide.mcu.externaltools.gnu-tools-for-stm32.7-2018-q2-update.win32_1.5.0.202011040924/tools/bin/../lib/gcc/arm-none-eabi/7.3.1/thumb/v7-m/crtbegin.o

.ARM.extab      0x0000000008007210        0x0
                0x0000000008007210                . = ALIGN (0x4)
 *(.ARM.extab* .gnu.linkonce.armextab.*)
                0x0000000008007210                . = ALIGN (0x4)

.ARM            0x0000000008007210        0x0
                0x0000000008007210                . = ALIGN (0x4)
                0x0000000008007210                __exidx_start = .
 *(.ARM.exidx*)
                0x0000000008007210                __exidx_end = .
                0x0000000008007210                . = ALIGN (0x4)

.preinit_array  0x0000000008007210        0x0
                0x0000000008007210                . = ALIGN (0x4)
                0x0000000008007210                PROVIDE (__preinit_array_start = .)
 *(.preinit_array*)
                0x0000000008007210                PROVIDE (__preinit_array_end = .)
                0x0000000008007210                . = ALIGN (0x4)

.init_array     0x0000000008007210        0x4
                0x0000000008007210                . = ALIGN (0x4)
                0x0000000008007210                PROVIDE (__init_array_start = .)
 *(SORT_BY_NAME(.init_array.*))
 *(.init_array*)
 .init_array    0x0000000008007210        0x4 c:/st/stm32cubeide_1.4.0/stm32cubeide/plugins/com.st.stm32cube.ide.mcu.externaltools.gnu-tools-for-stm32.7-2018-q2-update.win32_1.5.0.202011040924/tools/bin/../lib/gcc/arm-none-eabi/7.3.1/thumb/v7-m/crtbegin.o
                0x0000000008007214                PROVIDE (__init_array_end = .)
                0x0000000008007214                . = ALIGN (0x4)

.fini_array     0x0000000008007214        0x4
                0x0000000008007214                . = ALIGN (0x4)
                [!provide]                        PROVIDE (__fini_array_start = .)
 *(SORT_BY_NAME(.fini_array.*))
 *(.fini_array*)
 .fini_array    0x0000000008007214        0x4 c:/st/stm32cubeide_1.4.0/stm32cubeide/plugins/com.st.stm32cube.ide.mcu.externaltools.gnu-tools-for-stm32.7-2018-q2-update.win32_1.5.0.202011040924/tools/bin/../lib/gcc/arm-none-eabi/7.3.1/thumb/v7-m/crtbegin.o
                [!provide]                        PROVIDE (__fini_array_end = .)
                0x0000000008007218                . = ALIGN (0x4)
                0x0000000008007218                _sidata = LOADADDR (.data)

.data           0x0000000020000000       0x20 load address 0x0000000008007218
                0x0000000020000000                . = ALIGN (0x4)
                0x0000000020000000                _sdata = .
 *(.data)
 *(.data*)
 .data.SystemCoreClock
                0x0000000020000000        0x4 Core/Src/system_stm32f1xx.o
                0x0000000020000000                SystemCoreClock
 .data.uwTickPrio
                0x0000000020000004        0x4 Drivers/STM32F1xx_HAL_Driver/Src/stm32f1xx_hal.o
                0x0000000020000004                uwTickPrio
 .data.uwTickFreq
                0x0000000020000008        0x1 Drivers/STM32F1xx_HAL_Driver/Src/stm32f1xx_hal.o
                0x0000000020000008                uwTickFreq
 .data.Stat     0x0000000020000009        0x1 FATFS/Target/fatfs_sd.o
 *fill*         0x000000002000000a        0x2 
 .data.USER_Driver
                0x000000002000000c       0x14 FATFS/Target/user_diskio.o
                0x000000002000000c                USER_Driver
 *(.RamFunc)
 *(.RamFunc*)
                0x0000000020000020                . = ALIGN (0x4)
                0x0000000020000020                _edata = .

.igot.plt       0x0000000020000020        0x0 load address 0x0000000008007238
 .igot.plt      0x0000000020000020        0x0 c:/st/stm32cubeide_1.4.0/stm32cubeide/plugins/com.st.stm32cube.ide.mcu.externaltools.gnu-tools-for-stm32.7-2018-q2-update.win32_1.5.0.202011040924/tools/bin/../lib/gcc/arm-none-eabi/7.3.1/thumb/v7-m/crtbegin.o
                0x0000000020000020                . = ALIGN (0x4)

.bss            0x0000000020000020     0x47c0 load address 0x0000000008007238
                0x0000000020000020                _sbss = .
                0x0000000020000020                __bss_start__ = _sbss
 *(.bss)
 .bss           0x0000000020000020       0x1c c:/st/stm32cubeide_1.4.0/stm32cubeide/plugins/com.st.stm32cube.ide.mcu.externaltools.gnu-tools-for-stm32.7-2018-q2-update.win32_1.5.0.202011040924/tools/bin/../lib/gcc/arm-none-eabi/7.3.1/thumb/v7-m/crtbegin.o
 *(.bss*)
 .bss.FatFsCnt  0x000000002000003c        0x1 Core/Src/stm32f1xx_it.o
                0x000000002000003c                FatFsCnt
 .bss.CardType  0x000000002000003d        0x1 FATFS/Target/fatfs_sd.o
 .bss.PowerFlag
                0x000000002000003e        0x1 FATFS/Target/fatfs_sd.o
 *fill*         0x000000002000003f        0x1 
 .bss.FatFs     0x0000000020000040        0x4 Middlewares/Third_Party/FatFs/src/ff.o
 .bss.Fsid      0x0000000020000044        0x2 Middlewares/Third_Party/FatFs/src/ff.o
 *fill*         0x0000000020000046        0x2 
 .bss.Files     0x0000000020000048       0x18 Middlewares/Third_Party/FatFs/src/ff.o
 .bss.LfnBuf    0x0000000020000060      0x200 Middlewares/Third_Party/FatFs/src/ff.o
 .bss.disk      0x0000000020000260        0xc Middlewares/Third_Party/FatFs/src/ff_gen_drv.o
                0x0000000020000260                disk
 *(COMMON)
 COMMON         0x000000002000026c     0x2506 Core/Src/main.o
                0x000000002000026c                pres
                0x000000002000026d                n
                0x0000000020000270                fs
                0x00000000200012a0                bytesread
                0x00000000200012a4                htim3
                0x00000000200012ec                file
                0x0000000020002318                buffer
                0x0000000020002718                hspi1
                0x0000000020002770                res
                0x0000000020002771                fres
 COMMON         0x0000000020002772        0x4 Core/Src/stm32f1xx_it.o
                0x0000000020002772                Timer2
                0x0000000020002774                Timer1
 *fill*         0x0000000020002776        0x2 
 COMMON         0x0000000020002778        0x4 Drivers/STM32F1xx_HAL_Driver/Src/stm32f1xx_hal.o
                0x0000000020002778                uwTick
 COMMON         0x000000002000277c     0x2064 FATFS/App/fatfs.o
                0x000000002000277c                USERPath
                0x0000000020002780                retUSER
                0x0000000020002784                USERFile
                0x00000000200037b0                USERFatFS
                0x00000000200047e0                . = ALIGN (0x4)
                0x00000000200047e0                _ebss = .
                0x00000000200047e0                __bss_end__ = _ebss

._user_heap_stack
                0x00000000200047e0      0x600 load address 0x0000000008007238
                0x00000000200047e0                . = ALIGN (0x8)
                [!provide]                        PROVIDE (end = .)
                0x00000000200047e0                PROVIDE (_end = .)
                0x00000000200049e0                . = (. + _Min_Heap_Size)
 *fill*         0x00000000200047e0      0x200 
                0x0000000020004de0                . = (. + _Min_Stack_Size)
 *fill*         0x00000000200049e0      0x400 
                0x0000000020004de0                . = ALIGN (0x8)

/DISCARD/
 libc.a(*)
 libm.a(*)
 libgcc.a(*)

.ARM.attributes
                0x0000000000000000       0x29
 *(.ARM.attributes)
 .ARM.attributes
                0x0000000000000000       0x1d c:/st/stm32cubeide_1.4.0/stm32cubeide/plugins/com.st.stm32cube.ide.mcu.externaltools.gnu-tools-for-stm32.7-2018-q2-update.win32_1.5.0.202011040924/tools/bin/../lib/gcc/arm-none-eabi/7.3.1/thumb/v7-m/crti.o
 .ARM.attributes
                0x000000000000001d       0x2d c:/st/stm32cubeide_1.4.0/stm32cubeide/plugins/com.st.stm32cube.ide.mcu.externaltools.gnu-tools-for-stm32.7-2018-q2-update.win32_1.5.0.202011040924/tools/bin/../lib/gcc/arm-none-eabi/7.3.1/thumb/v7-m/crtbegin.o
 .ARM.attributes
                0x000000000000004a       0x33 Core/Src/main.o
 .ARM.attributes
                0x000000000000007d       0x33 Core/Src/stm32f1xx_hal_msp.o
 .ARM.attributes
                0x00000000000000b0       0x33 Core/Src/stm32f1xx_it.o
 .ARM.attributes
                0x00000000000000e3       0x33 Core/Src/system_stm32f1xx.o
 .ARM.attributes
                0x0000000000000116       0x21 Core/Startup/startup_stm32f103c8tx.o
 .ARM.attributes
                0x0000000000000137       0x33 Drivers/STM32F1xx_HAL_Driver/Src/stm32f1xx_hal.o
 .ARM.attributes
                0x000000000000016a       0x33 Drivers/STM32F1xx_HAL_Driver/Src/stm32f1xx_hal_cortex.o
 .ARM.attributes
                0x000000000000019d       0x33 Drivers/STM32F1xx_HAL_Driver/Src/stm32f1xx_hal_gpio.o
 .ARM.attributes
                0x00000000000001d0       0x33 Drivers/STM32F1xx_HAL_Driver/Src/stm32f1xx_hal_rcc.o
 .ARM.attributes
                0x0000000000000203       0x33 Drivers/STM32F1xx_HAL_Driver/Src/stm32f1xx_hal_spi.o
 .ARM.attributes
                0x0000000000000236       0x33 Drivers/STM32F1xx_HAL_Driver/Src/stm32f1xx_hal_tim.o
 .ARM.attributes
                0x0000000000000269       0x33 Drivers/STM32F1xx_HAL_Driver/Src/stm32f1xx_hal_tim_ex.o
 .ARM.attributes
                0x000000000000029c       0x33 FATFS/App/fatfs.o
 .ARM.attributes
                0x00000000000002cf       0x33 FATFS/Target/fatfs_sd.o
 .ARM.attributes
                0x0000000000000302       0x33 FATFS/Target/user_diskio.o
 .ARM.attributes
                0x0000000000000335       0x33 Middlewares/Third_Party/FatFs/src/diskio.o
 .ARM.attributes
                0x0000000000000368       0x33 Middlewares/Third_Party/FatFs/src/ff.o
 .ARM.attributes
                0x000000000000039b       0x33 Middlewares/Third_Party/FatFs/src/ff_gen_drv.o
 .ARM.attributes
                0x00000000000003ce       0x33 Middlewares/Third_Party/FatFs/src/option/ccsbcs.o
 .ARM.attributes
                0x0000000000000401       0x2d c:/st/stm32cubeide_1.4.0/stm32cubeide/plugins/com.st.stm32cube.ide.mcu.externaltools.gnu-tools-for-stm32.7-2018-q2-update.win32_1.5.0.202011040924/tools/bin/../lib/gcc/arm-none-eabi/7.3.1/../../../../arm-none-eabi/lib/thumb/v7-m\libc_nano.a(lib_a-init.o)
 .ARM.attributes
                0x000000000000042e       0x2d c:/st/stm32cubeide_1.4.0/stm32cubeide/plugins/com.st.stm32cube.ide.mcu.externaltools.gnu-tools-for-stm32.7-2018-q2-update.win32_1.5.0.202011040924/tools/bin/../lib/gcc/arm-none-eabi/7.3.1/../../../../arm-none-eabi/lib/thumb/v7-m\libc_nano.a(lib_a-memset.o)
 .ARM.attributes
                0x000000000000045b       0x1d c:/st/stm32cubeide_1.4.0/stm32cubeide/plugins/com.st.stm32cube.ide.mcu.externaltools.gnu-tools-for-stm32.7-2018-q2-update.win32_1.5.0.202011040924/tools/bin/../lib/gcc/arm-none-eabi/7.3.1/thumb/v7-m/crtn.o
OUTPUT(K6.elf elf32-littlearm)

.debug_info     0x0000000000000000     0xee7f
 .debug_info    0x0000000000000000     0x1cbb Core/Src/main.o
 .debug_info    0x0000000000001cbb      0xc54 Core/Src/stm32f1xx_hal_msp.o
 .debug_info    0x000000000000290f      0x2a1 Core/Src/stm32f1xx_it.o
 .debug_info    0x0000000000002bb0      0x29a Core/Src/system_stm32f1xx.o
 .debug_info    0x0000000000002e4a       0x22 Core/Startup/startup_stm32f103c8tx.o
 .debug_info    0x0000000000002e6c      0x714 Drivers/STM32F1xx_HAL_Driver/Src/stm32f1xx_hal.o
 .debug_info    0x0000000000003580      0xb51 Drivers/STM32F1xx_HAL_Driver/Src/stm32f1xx_hal_cortex.o
 .debug_info    0x00000000000040d1      0x69b Drivers/STM32F1xx_HAL_Driver/Src/stm32f1xx_hal_gpio.o
 .debug_info    0x000000000000476c      0x80f Drivers/STM32F1xx_HAL_Driver/Src/stm32f1xx_hal_rcc.o
 .debug_info    0x0000000000004f7b     0x1572 Drivers/STM32F1xx_HAL_Driver/Src/stm32f1xx_hal_spi.o
 .debug_info    0x00000000000064ed     0x27ef Drivers/STM32F1xx_HAL_Driver/Src/stm32f1xx_hal_tim.o
 .debug_info    0x0000000000008cdc     0x136f Drivers/STM32F1xx_HAL_Driver/Src/stm32f1xx_hal_tim_ex.o
 .debug_info    0x000000000000a04b      0x5a4 FATFS/App/fatfs.o
 .debug_info    0x000000000000a5ef      0xb8d FATFS/Target/fatfs_sd.o
 .debug_info    0x000000000000b17c      0xc5f FATFS/Target/user_diskio.o
 .debug_info    0x000000000000bddb      0x4c3 Middlewares/Third_Party/FatFs/src/diskio.o
 .debug_info    0x000000000000c29e     0x2515 Middlewares/Third_Party/FatFs/src/ff.o
 .debug_info    0x000000000000e7b3      0x461 Middlewares/Third_Party/FatFs/src/ff_gen_drv.o
 .debug_info    0x000000000000ec14      0x26b Middlewares/Third_Party/FatFs/src/option/ccsbcs.o

.debug_abbrev   0x0000000000000000     0x22c9
 .debug_abbrev  0x0000000000000000      0x33f Core/Src/main.o
 .debug_abbrev  0x000000000000033f      0x1b7 Core/Src/stm32f1xx_hal_msp.o
 .debug_abbrev  0x00000000000004f6       0xd7 Core/Src/stm32f1xx_it.o
 .debug_abbrev  0x00000000000005cd      0x134 Core/Src/system_stm32f1xx.o
 .debug_abbrev  0x0000000000000701       0x12 Core/Startup/startup_stm32f103c8tx.o
 .debug_abbrev  0x0000000000000713      0x1c7 Drivers/STM32F1xx_HAL_Driver/Src/stm32f1xx_hal.o
 .debug_abbrev  0x00000000000008da      0x2d5 Drivers/STM32F1xx_HAL_Driver/Src/stm32f1xx_hal_cortex.o
 .debug_abbrev  0x0000000000000baf      0x1c0 Drivers/STM32F1xx_HAL_Driver/Src/stm32f1xx_hal_gpio.o
 .debug_abbrev  0x0000000000000d6f      0x243 Drivers/STM32F1xx_HAL_Driver/Src/stm32f1xx_hal_rcc.o
 .debug_abbrev  0x0000000000000fb2      0x240 Drivers/STM32F1xx_HAL_Driver/Src/stm32f1xx_hal_spi.o
 .debug_abbrev  0x00000000000011f2      0x230 Drivers/STM32F1xx_HAL_Driver/Src/stm32f1xx_hal_tim.o
 .debug_abbrev  0x0000000000001422      0x236 Drivers/STM32F1xx_HAL_Driver/Src/stm32f1xx_hal_tim_ex.o
 .debug_abbrev  0x0000000000001658      0x17d FATFS/App/fatfs.o
 .debug_abbrev  0x00000000000017d5      0x262 FATFS/Target/fatfs_sd.o
 .debug_abbrev  0x0000000000001a37      0x207 FATFS/Target/user_diskio.o
 .debug_abbrev  0x0000000000001c3e      0x16f Middlewares/Third_Party/FatFs/src/diskio.o
 .debug_abbrev  0x0000000000001dad      0x278 Middlewares/Third_Party/FatFs/src/ff.o
 .debug_abbrev  0x0000000000002025      0x19c Middlewares/Third_Party/FatFs/src/ff_gen_drv.o
 .debug_abbrev  0x00000000000021c1      0x108 Middlewares/Third_Party/FatFs/src/option/ccsbcs.o

.debug_aranges  0x0000000000000000      0xf28
 .debug_aranges
                0x0000000000000000       0x78 Core/Src/main.o
 .debug_aranges
                0x0000000000000078       0x48 Core/Src/stm32f1xx_hal_msp.o
 .debug_aranges
                0x00000000000000c0       0x80 Core/Src/stm32f1xx_it.o
 .debug_aranges
                0x0000000000000140       0x28 Core/Src/system_stm32f1xx.o
 .debug_aranges
                0x0000000000000168       0x28 Core/Startup/startup_stm32f103c8tx.o
 .debug_aranges
                0x0000000000000190       0xe0 Drivers/STM32F1xx_HAL_Driver/Src/stm32f1xx_hal.o
 .debug_aranges
                0x0000000000000270      0x100 Drivers/STM32F1xx_HAL_Driver/Src/stm32f1xx_hal_cortex.o
 .debug_aranges
                0x0000000000000370       0x58 Drivers/STM32F1xx_HAL_Driver/Src/stm32f1xx_hal_gpio.o
 .debug_aranges
                0x00000000000003c8       0x90 Drivers/STM32F1xx_HAL_Driver/Src/stm32f1xx_hal_rcc.o
 .debug_aranges
                0x0000000000000458      0x1d0 Drivers/STM32F1xx_HAL_Driver/Src/stm32f1xx_hal_spi.o
 .debug_aranges
                0x0000000000000628      0x3d0 Drivers/STM32F1xx_HAL_Driver/Src/stm32f1xx_hal_tim.o
 .debug_aranges
                0x00000000000009f8      0x168 Drivers/STM32F1xx_HAL_Driver/Src/stm32f1xx_hal_tim_ex.o
 .debug_aranges
                0x0000000000000b60       0x28 FATFS/App/fatfs.o
 .debug_aranges
                0x0000000000000b88       0xa0 FATFS/Target/fatfs_sd.o
 .debug_aranges
                0x0000000000000c28       0x40 FATFS/Target/user_diskio.o
 .debug_aranges
                0x0000000000000c68       0x48 Middlewares/Third_Party/FatFs/src/diskio.o
 .debug_aranges
                0x0000000000000cb0      0x210 Middlewares/Third_Party/FatFs/src/ff.o
 .debug_aranges
                0x0000000000000ec0       0x40 Middlewares/Third_Party/FatFs/src/ff_gen_drv.o
 .debug_aranges
                0x0000000000000f00       0x28 Middlewares/Third_Party/FatFs/src/option/ccsbcs.o

.debug_ranges   0x0000000000000000      0xe00
 .debug_ranges  0x0000000000000000       0x68 Core/Src/main.o
 .debug_ranges  0x0000000000000068       0x38 Core/Src/stm32f1xx_hal_msp.o
 .debug_ranges  0x00000000000000a0       0x70 Core/Src/stm32f1xx_it.o
 .debug_ranges  0x0000000000000110       0x18 Core/Src/system_stm32f1xx.o
 .debug_ranges  0x0000000000000128       0x20 Core/Startup/startup_stm32f103c8tx.o
 .debug_ranges  0x0000000000000148       0xd0 Drivers/STM32F1xx_HAL_Driver/Src/stm32f1xx_hal.o
 .debug_ranges  0x0000000000000218       0xf0 Drivers/STM32F1xx_HAL_Driver/Src/stm32f1xx_hal_cortex.o
 .debug_ranges  0x0000000000000308       0x48 Drivers/STM32F1xx_HAL_Driver/Src/stm32f1xx_hal_gpio.o
 .debug_ranges  0x0000000000000350       0x80 Drivers/STM32F1xx_HAL_Driver/Src/stm32f1xx_hal_rcc.o
 .debug_ranges  0x00000000000003d0      0x1c0 Drivers/STM32F1xx_HAL_Driver/Src/stm32f1xx_hal_spi.o
 .debug_ranges  0x0000000000000590      0x3c0 Drivers/STM32F1xx_HAL_Driver/Src/stm32f1xx_hal_tim.o
 .debug_ranges  0x0000000000000950      0x158 Drivers/STM32F1xx_HAL_Driver/Src/stm32f1xx_hal_tim_ex.o
 .debug_ranges  0x0000000000000aa8       0x18 FATFS/App/fatfs.o
 .debug_ranges  0x0000000000000ac0       0x90 FATFS/Target/fatfs_sd.o
 .debug_ranges  0x0000000000000b50       0x30 FATFS/Target/user_diskio.o
 .debug_ranges  0x0000000000000b80       0x38 Middlewares/Third_Party/FatFs/src/diskio.o
 .debug_ranges  0x0000000000000bb8      0x200 Middlewares/Third_Party/FatFs/src/ff.o
 .debug_ranges  0x0000000000000db8       0x30 Middlewares/Third_Party/FatFs/src/ff_gen_drv.o
 .debug_ranges  0x0000000000000de8       0x18 Middlewares/Third_Party/FatFs/src/option/ccsbcs.o

.debug_macro    0x0000000000000000    0x18732
 .debug_macro   0x0000000000000000      0x2c4 Core/Src/main.o
 .debug_macro   0x00000000000002c4      0xa5a Core/Src/main.o
 .debug_macro   0x0000000000000d1e      0x21b Core/Src/main.o
 .debug_macro   0x0000000000000f39       0x2e Core/Src/main.o
 .debug_macro   0x0000000000000f67       0x22 Core/Src/main.o
 .debug_macro   0x0000000000000f89       0x22 Core/Src/main.o
 .debug_macro   0x0000000000000fab       0x8e Core/Src/main.o
 .debug_macro   0x0000000000001039       0x51 Core/Src/main.o
 .debug_macro   0x000000000000108a       0xef Core/Src/main.o
 .debug_macro   0x0000000000001179       0x6a Core/Src/main.o
 .debug_macro   0x00000000000011e3      0x1df Core/Src/main.o
 .debug_macro   0x00000000000013c2       0x1c Core/Src/main.o
 .debug_macro   0x00000000000013de       0x22 Core/Src/main.o
 .debug_macro   0x0000000000001400       0xc3 Core/Src/main.o
 .debug_macro   0x00000000000014c3      0xd23 Core/Src/main.o
 .debug_macro   0x00000000000021e6     0xe097 Core/Src/main.o
 .debug_macro   0x000000000001027d       0x43 Core/Src/main.o
 .debug_macro   0x00000000000102c0     0x3468 Core/Src/main.o
 .debug_macro   0x0000000000013728      0x174 Core/Src/main.o
 .debug_macro   0x000000000001389c       0x5c Core/Src/main.o
 .debug_macro   0x00000000000138f8      0x5be Core/Src/main.o
 .debug_macro   0x0000000000013eb6      0x289 Core/Src/main.o
 .debug_macro   0x000000000001413f      0x1cb Core/Src/main.o
 .debug_macro   0x000000000001430a      0x114 Core/Src/main.o
 .debug_macro   0x000000000001441e      0x1b2 Core/Src/main.o
 .debug_macro   0x00000000000145d0       0x27 Core/Src/main.o
 .debug_macro   0x00000000000145f7      0x136 Core/Src/main.o
 .debug_macro   0x000000000001472d      0x1bc Core/Src/main.o
 .debug_macro   0x00000000000148e9       0x34 Core/Src/main.o
 .debug_macro   0x000000000001491d       0x3c Core/Src/main.o
 .debug_macro   0x0000000000014959       0x57 Core/Src/main.o
 .debug_macro   0x00000000000149b0       0x88 Core/Src/main.o
 .debug_macro   0x0000000000014a38      0x241 Core/Src/main.o
 .debug_macro   0x0000000000014c79      0x141 Core/Src/main.o
 .debug_macro   0x0000000000014dba      0x217 Core/Src/main.o
 .debug_macro   0x0000000000014fd1      0x8d1 Core/Src/main.o
 .debug_macro   0x00000000000158a2       0x83 Core/Src/main.o
 .debug_macro   0x0000000000015925       0xde Core/Src/main.o
 .debug_macro   0x0000000000015a03       0xf5 Core/Src/main.o
 .debug_macro   0x0000000000015af8       0x8e Core/Src/main.o
 .debug_macro   0x0000000000015b86       0x6a Core/Src/main.o
 .debug_macro   0x0000000000015bf0       0x46 Core/Src/main.o
 .debug_macro   0x0000000000015c36       0x18 Core/Src/main.o
 .debug_macro   0x0000000000015c4e       0x3c Core/Src/main.o
 .debug_macro   0x0000000000015c8a       0x34 Core/Src/main.o
 .debug_macro   0x0000000000015cbe       0x52 Core/Src/main.o
 .debug_macro   0x0000000000015d10       0x1f Core/Src/main.o
 .debug_macro   0x0000000000015d2f       0x43 Core/Src/main.o
 .debug_macro   0x0000000000015d72       0x20 Core/Src/main.o
 .debug_macro   0x0000000000015d92      0x1a3 Core/Src/main.o
 .debug_macro   0x0000000000015f35      0x32a Core/Src/main.o
 .debug_macro   0x000000000001625f       0x10 Core/Src/main.o
 .debug_macro   0x000000000001626f       0x35 Core/Src/main.o
 .debug_macro   0x00000000000162a4       0x20 Core/Src/main.o
 .debug_macro   0x00000000000162c4      0x1ad Core/Src/stm32f1xx_hal_msp.o
 .debug_macro   0x0000000000016471      0x1b7 Core/Src/stm32f1xx_it.o
 .debug_macro   0x0000000000016628      0x1a3 Core/Src/system_stm32f1xx.o
 .debug_macro   0x00000000000167cb      0x1c7 Drivers/STM32F1xx_HAL_Driver/Src/stm32f1xx_hal.o
 .debug_macro   0x0000000000016992      0x1a3 Drivers/STM32F1xx_HAL_Driver/Src/stm32f1xx_hal_cortex.o
 .debug_macro   0x0000000000016b35      0x20e Drivers/STM32F1xx_HAL_Driver/Src/stm32f1xx_hal_gpio.o
 .debug_macro   0x0000000000016d43      0x1b5 Drivers/STM32F1xx_HAL_Driver/Src/stm32f1xx_hal_rcc.o
 .debug_macro   0x0000000000016ef8      0x1ab Drivers/STM32F1xx_HAL_Driver/Src/stm32f1xx_hal_spi.o
 .debug_macro   0x00000000000170a3      0x1a4 Drivers/STM32F1xx_HAL_Driver/Src/stm32f1xx_hal_tim.o
 .debug_macro   0x0000000000017247      0x1a3 Drivers/STM32F1xx_HAL_Driver/Src/stm32f1xx_hal_tim_ex.o
 .debug_macro   0x00000000000173ea      0x200 FATFS/App/fatfs.o
 .debug_macro   0x00000000000175ea       0xd8 FATFS/App/fatfs.o
 .debug_macro   0x00000000000176c2      0x1e2 FATFS/Target/fatfs_sd.o
 .debug_macro   0x00000000000178a4       0x16 FATFS/Target/fatfs_sd.o
 .debug_macro   0x00000000000178ba       0x7c FATFS/Target/fatfs_sd.o
 .debug_macro   0x0000000000017936      0x2a8 FATFS/Target/user_diskio.o
 .debug_macro   0x0000000000017bde       0xbd FATFS/Target/user_diskio.o
 .debug_macro   0x0000000000017c9b       0x56 FATFS/Target/user_diskio.o
 .debug_macro   0x0000000000017cf1      0x1ed Middlewares/Third_Party/FatFs/src/diskio.o
 .debug_macro   0x0000000000017ede      0x434 Middlewares/Third_Party/FatFs/src/ff.o
 .debug_macro   0x0000000000018312       0x58 Middlewares/Third_Party/FatFs/src/ff.o
 .debug_macro   0x000000000001836a      0x1ed Middlewares/Third_Party/FatFs/src/ff_gen_drv.o
 .debug_macro   0x0000000000018557      0x1db Middlewares/Third_Party/FatFs/src/option/ccsbcs.o

.debug_line     0x0000000000000000     0xcfbf
 .debug_line    0x0000000000000000      0x9e4 Core/Src/main.o
 .debug_line    0x00000000000009e4      0x6e6 Core/Src/stm32f1xx_hal_msp.o
 .debug_line    0x00000000000010ca      0x76c Core/Src/stm32f1xx_it.o
 .debug_line    0x0000000000001836      0x69e Core/Src/system_stm32f1xx.o
 .debug_line    0x0000000000001ed4       0x84 Core/Startup/startup_stm32f103c8tx.o
 .debug_line    0x0000000000001f58      0x851 Drivers/STM32F1xx_HAL_Driver/Src/stm32f1xx_hal.o
 .debug_line    0x00000000000027a9      0x928 Drivers/STM32F1xx_HAL_Driver/Src/stm32f1xx_hal_cortex.o
 .debug_line    0x00000000000030d1      0x84d Drivers/STM32F1xx_HAL_Driver/Src/stm32f1xx_hal_gpio.o
 .debug_line    0x000000000000391e      0x911 Drivers/STM32F1xx_HAL_Driver/Src/stm32f1xx_hal_rcc.o
 .debug_line    0x000000000000422f     0x103c Drivers/STM32F1xx_HAL_Driver/Src/stm32f1xx_hal_spi.o
 .debug_line    0x000000000000526b     0x1faa Drivers/STM32F1xx_HAL_Driver/Src/stm32f1xx_hal_tim.o
 .debug_line    0x0000000000007215     0x12b8 Drivers/STM32F1xx_HAL_Driver/Src/stm32f1xx_hal_tim_ex.o
 .debug_line    0x00000000000084cd      0x708 FATFS/App/fatfs.o
 .debug_line    0x0000000000008bd5      0x9db FATFS/Target/fatfs_sd.o
 .debug_line    0x00000000000095b0      0x871 FATFS/Target/user_diskio.o
 .debug_line    0x0000000000009e21      0x732 Middlewares/Third_Party/FatFs/src/diskio.o
 .debug_line    0x000000000000a553     0x1bf8 Middlewares/Third_Party/FatFs/src/ff.o
 .debug_line    0x000000000000c14b      0x731 Middlewares/Third_Party/FatFs/src/ff_gen_drv.o
 .debug_line    0x000000000000c87c      0x743 Middlewares/Third_Party/FatFs/src/option/ccsbcs.o

.debug_str      0x0000000000000000    0x89f5c
 .debug_str     0x0000000000000000    0x8693f Core/Src/main.o
                                      0x86eab (size before relaxing)
 .debug_str     0x000000000008693f       0xcd Core/Src/stm32f1xx_hal_msp.o
                                      0x82ed9 (size before relaxing)
 .debug_str     0x0000000000086a0c      0x117 Core/Src/stm32f1xx_it.o
                                      0x82810 (size before relaxing)
 .debug_str     0x0000000000086b23       0x52 Core/Src/system_stm32f1xx.o
                                      0x82772 (size before relaxing)
 .debug_str     0x0000000000086b75       0x36 Core/Startup/startup_stm32f103c8tx.o
                                         0x5b (size before relaxing)
 .debug_str     0x0000000000086bab      0x2fa Drivers/STM32F1xx_HAL_Driver/Src/stm32f1xx_hal.o
                                      0x82e03 (size before relaxing)
 .debug_str     0x0000000000086ea5      0x300 Drivers/STM32F1xx_HAL_Driver/Src/stm32f1xx_hal_cortex.o
                                      0x82e0b (size before relaxing)
 .debug_str     0x00000000000871a5      0x304 Drivers/STM32F1xx_HAL_Driver/Src/stm32f1xx_hal_gpio.o
                                      0x82b36 (size before relaxing)
 .debug_str     0x00000000000874a9      0x24f Drivers/STM32F1xx_HAL_Driver/Src/stm32f1xx_hal_rcc.o
                                      0x82b6f (size before relaxing)
 .debug_str     0x00000000000876f8      0x544 Drivers/STM32F1xx_HAL_Driver/Src/stm32f1xx_hal_spi.o
                                      0x83077 (size before relaxing)
 .debug_str     0x0000000000087c3c      0xde0 Drivers/STM32F1xx_HAL_Driver/Src/stm32f1xx_hal_tim.o
                                      0x83b41 (size before relaxing)
 .debug_str     0x0000000000088a1c      0x517 Drivers/STM32F1xx_HAL_Driver/Src/stm32f1xx_hal_tim_ex.o
                                      0x8331b (size before relaxing)
 .debug_str     0x0000000000088f33       0x2f FATFS/App/fatfs.o
                                      0x83034 (size before relaxing)
 .debug_str     0x0000000000088f62      0x174 FATFS/Target/fatfs_sd.o
                                      0x82f44 (size before relaxing)
 .debug_str     0x00000000000890d6       0x6d FATFS/Target/user_diskio.o
                                      0x85f37 (size before relaxing)
 .debug_str     0x0000000000089143       0x52 Middlewares/Third_Party/FatFs/src/diskio.o
                                      0x82f6b (size before relaxing)
 .debug_str     0x0000000000089195      0xcbb Middlewares/Third_Party/FatFs/src/ff.o
                                      0x83dd4 (size before relaxing)
 .debug_str     0x0000000000089e50       0xa2 Middlewares/Third_Party/FatFs/src/ff_gen_drv.o
                                      0x82fbc (size before relaxing)
 .debug_str     0x0000000000089ef2       0x6a Middlewares/Third_Party/FatFs/src/option/ccsbcs.o
                                      0x82d5c (size before relaxing)

.comment        0x0000000000000000       0x7b
 .comment       0x0000000000000000       0x7b Core/Src/main.o
                                         0x7c (size before relaxing)
 .comment       0x000000000000007b       0x7c Core/Src/stm32f1xx_hal_msp.o
 .comment       0x000000000000007b       0x7c Core/Src/stm32f1xx_it.o
 .comment       0x000000000000007b       0x7c Core/Src/system_stm32f1xx.o
 .comment       0x000000000000007b       0x7c Drivers/STM32F1xx_HAL_Driver/Src/stm32f1xx_hal.o
 .comment       0x000000000000007b       0x7c Drivers/STM32F1xx_HAL_Driver/Src/stm32f1xx_hal_cortex.o
 .comment       0x000000000000007b       0x7c Drivers/STM32F1xx_HAL_Driver/Src/stm32f1xx_hal_gpio.o
 .comment       0x000000000000007b       0x7c Drivers/STM32F1xx_HAL_Driver/Src/stm32f1xx_hal_rcc.o
 .comment       0x000000000000007b       0x7c Drivers/STM32F1xx_HAL_Driver/Src/stm32f1xx_hal_spi.o
 .comment       0x000000000000007b       0x7c Drivers/STM32F1xx_HAL_Driver/Src/stm32f1xx_hal_tim.o
 .comment       0x000000000000007b       0x7c Drivers/STM32F1xx_HAL_Driver/Src/stm32f1xx_hal_tim_ex.o
 .comment       0x000000000000007b       0x7c FATFS/App/fatfs.o
 .comment       0x000000000000007b       0x7c FATFS/Target/fatfs_sd.o
 .comment       0x000000000000007b       0x7c FATFS/Target/user_diskio.o
 .comment       0x000000000000007b       0x7c Middlewares/Third_Party/FatFs/src/diskio.o
 .comment       0x000000000000007b       0x7c Middlewares/Third_Party/FatFs/src/ff.o
 .comment       0x000000000000007b       0x7c Middlewares/Third_Party/FatFs/src/ff_gen_drv.o
 .comment       0x000000000000007b       0x7c Middlewares/Third_Party/FatFs/src/option/ccsbcs.o

.debug_frame    0x0000000000000000     0x3ea8
 .debug_frame   0x0000000000000000      0x188 Core/Src/main.o
 .debug_frame   0x0000000000000188       0xf4 Core/Src/stm32f1xx_hal_msp.o
 .debug_frame   0x000000000000027c      0x178 Core/Src/stm32f1xx_it.o
 .debug_frame   0x00000000000003f4       0x58 Core/Src/system_stm32f1xx.o
 .debug_frame   0x000000000000044c      0x334 Drivers/STM32F1xx_HAL_Driver/Src/stm32f1xx_hal.o
 .debug_frame   0x0000000000000780      0x428 Drivers/STM32F1xx_HAL_Driver/Src/stm32f1xx_hal_cortex.o
 .debug_frame   0x0000000000000ba8      0x14c Drivers/STM32F1xx_HAL_Driver/Src/stm32f1xx_hal_gpio.o
 .debug_frame   0x0000000000000cf4      0x21c Drivers/STM32F1xx_HAL_Driver/Src/stm32f1xx_hal_rcc.o
 .debug_frame   0x0000000000000f10      0x824 Drivers/STM32F1xx_HAL_Driver/Src/stm32f1xx_hal_spi.o
 .debug_frame   0x0000000000001734     0x11b8 Drivers/STM32F1xx_HAL_Driver/Src/stm32f1xx_hal_tim.o
 .debug_frame   0x00000000000028ec      0x638 Drivers/STM32F1xx_HAL_Driver/Src/stm32f1xx_hal_tim_ex.o
 .debug_frame   0x0000000000002f24       0x4c FATFS/App/fatfs.o
 .debug_frame   0x0000000000002f70      0x268 FATFS/Target/fatfs_sd.o
 .debug_frame   0x00000000000031d8       0xc4 FATFS/Target/user_diskio.o
 .debug_frame   0x000000000000329c       0xec Middlewares/Third_Party/FatFs/src/diskio.o
 .debug_frame   0x0000000000003388      0x9ac Middlewares/Third_Party/FatFs/src/ff.o
 .debug_frame   0x0000000000003d34       0xc8 Middlewares/Third_Party/FatFs/src/ff_gen_drv.o
 .debug_frame   0x0000000000003dfc       0x60 Middlewares/Third_Party/FatFs/src/option/ccsbcs.o
 .debug_frame   0x0000000000003e5c       0x2c c:/st/stm32cubeide_1.4.0/stm32cubeide/plugins/com.st.stm32cube.ide.mcu.externaltools.gnu-tools-for-stm32.7-2018-q2-update.win32_1.5.0.202011040924/tools/bin/../lib/gcc/arm-none-eabi/7.3.1/../../../../arm-none-eabi/lib/thumb/v7-m\libc_nano.a(lib_a-init.o)
 .debug_frame   0x0000000000003e88       0x20 c:/st/stm32cubeide_1.4.0/stm32cubeide/plugins/com.st.stm32cube.ide.mcu.externaltools.gnu-tools-for-stm32.7-2018-q2-update.win32_1.5.0.202011040924/tools/bin/../lib/gcc/arm-none-eabi/7.3.1/../../../../arm-none-eabi/lib/thumb/v7-m\libc_nano.a(lib_a-memset.o)
